// Jest Snapshot v1, https://goo.gl/fbAQLP

exports[`Pruebas en el componente GifGrid Debe de mostrar el componente 1`] = `
<Fragment>
  <h3
    className="animate__animated animate__fadeIn"
  >
    One Piece
  </h3>
  <p
    className="ard animate__animated animate__flash"
  >
    Loading
  </p>
  <div
    className="card-grid"
  />
</Fragment>
`;

exports[`Pruebas en el componente GifGrid Debe de mostrar items cuando se cargan im√°genes useFetchGifs 1`] = `
<Fragment>
  <h3
    className="animate__animated animate__fadeIn"
  >
    One Piece
  </h3>
  <div
    className="card-grid"
  >
    <GifGridItem
      id="abc"
      key="abc"
      title="Prueba"
      url="localhost:2020"
    />
    <GifGridItem
      id="abc"
      key="abc"
      title="Prueba"
      url="localhost:2020"
    />
  </div>
</Fragment>
`;
